▶ joint planning physical execution summary (Revision 9)
  ✖ aggregates every role checkpoint by physical request identity without double-counting repairs or unknown work (45.751583ms)
✖ joint planning physical execution summary (Revision 9) (46.764792ms)
ℹ tests 1
ℹ suites 1
ℹ pass 0
ℹ fail 1
ℹ cancelled 0
ℹ skipped 0
ℹ todo 0
ℹ duration_ms 1701.162417

✖ failing tests:

test at packages/production-pipeline/test/production-planning-closure.test.ts:5:4686
✖ aggregates every role checkpoint by physical request identity without double-counting repairs or unknown work (45.751583ms)
  AssertionError [ERR_ASSERTION]: adopt/undo must not claim new model calls
  
  undefined !== 0
  
      at TestContext.<anonymous> (/Users/jinkun.wang/work_space/veidofactory/packages/production-pipeline/test/production-planning-closure.test.ts:1884:12)
      at async Test.run (node:internal/test_runner/test:1409:7)
      at async Promise.all (index 0)
      at async Suite.run (node:internal/test_runner/test:1905:7)
      at async startSubtestAfterBootstrap (node:internal/test_runner/harness:387:3) {
    generatedMessage: false,
    code: 'ERR_ASSERTION',
    actual: undefined,
    expected: 0,
    operator: 'strictEqual',
    diff: 'simple'
  }
