▶ formal text-task recovery through Studio and joint-v1 pipeline
  ✖ consumes one late completed_success result and advances the real workflow once (10225.527375ms)
✖ formal text-task recovery through Studio and joint-v1 pipeline (10227.211875ms)
ℹ tests 1
ℹ suites 1
ℹ pass 0
ℹ fail 1
ℹ cancelled 0
ℹ skipped 0
ℹ todo 0
ℹ duration_ms 12141.638542

✖ failing tests:

test at apps/studio/test/text-task-production-recovery.test.ts:3:2751
✖ consumes one late completed_success result and advances the real workflow once (10225.527375ms)
  AssertionError [ERR_ASSERTION]: Missing expected rejection.
      at async TestContext.<anonymous> (/Users/jinkun.wang/work_space/veidofactory/apps/studio/test/text-task-production-recovery.test.ts:613:9)
      at async Test.run (node:internal/test_runner/test:1409:7)
      at async Promise.all (index 3)
      at async Suite.run (node:internal/test_runner/test:1905:7)
      at async startSubtestAfterBootstrap (node:internal/test_runner/harness:387:3) {
    generatedMessage: false,
    code: 'ERR_ASSERTION',
    actual: undefined,
    expected: /原模型任务.*查询/,
    operator: 'rejects',
    diff: 'simple'
  }
