samples: 154
pearson(wait, reasoningTokens) = 0.9132
pearson(wait, completionTokens) = 0.9025
pearson(wait, promptTokens) = -0.1864
glm samples: 45 pearson(glm wait, rt) = 0.9541
glm reasoning tok/s: min 21.7 median 45.9 max 77.8

top5 by reasoningTokens:
  rt 36514 wait 989138 att 1 rep 0 glm-5.3-flash
  rt 34486 wait 904635 att 1 rep 0 glm-5.3-flash
  rt 27194 wait 755687 att 1 rep 0 glm-5.3-flash
  rt 21608 wait 497252 att undefined rep undefined glm-5.3-flash
  rt 20528 wait 431850 att undefined rep undefined glm-5.3

top5 by wait:
  wait 989138 rt 36514 first==wait false glm-5.3-flash
  wait 904635 rt 34486 first==wait true glm-5.3-flash
  wait 755687 rt 27194 first==wait true glm-5.3-flash
  wait 504277 rt 17453 first==wait true glm-5.3-flash
  wait 497252 rt 21608 first==wait true glm-5.3-flash

firstOutputEventMs===providerWaitMs: 44 of 153 having the field
attempts>1: 0  repairs>0: 0
max wait: 989138 ms; timeout budget 1200000 ms => 82.4%
